// Jest Snapshot v1, https://goo.gl/fbAQLP

exports[`StaticMessage Component matches snapshot 1`] = `
<DocumentFragment>
  <div>
    This is a static dffghf.
  </div>
</DocumentFragment>
`;
